https://porncado.com/135157-hentai-rus/ -> HTTP 200 bytes 96775
https://v6.hentakli.org/633-tsugou-no-yoi-sexfriend.html -> HTTP 200 bytes 101201
https://hentasis1.top/293-tsugou-no-yoi-sexfriend.html -> HTTP 200 bytes 84153
https://allhentaii.fun/bigtits/743-druzja-dlja-seksa-jeto-normalno-tsugou-no-yoi-sexfriend.html -> HTTP 200 bytes 49159
https://v6.hentakli.org/ -> HTTP 200 bytes 116713
https://allhentaii.fun/ -> HTTP 200 bytes 69674
https://hentasis1.top/ -> HTTP 200 bytes 85284
https://porncado.com/8-hentai/ -> HTTP 200 bytes 109452
https://v6.hentakli.org/video.php?id=1763&cat=1,89,4,5,10,103,14,104,111,18,19,20,110,107,37,38,35,101,45,52,63,55,56,102,105,65,86,106,64,66,129,112,68 -> HTTP 200 bytes 19992
https://allhentaii.fun/pl/bigtits/80/playlist.txt?a=3 -> HTTP 200 bytes 357
hencdn HEAD: content-type: text/html; charset=UTF-8
https://hencdn.top/video/157 -> HTTP 200 bytes 18008
shikimori r_plus -> HTTP 200 bytes 2327
shikimori rx -> HTTP 200 bytes 2551
== https://svt01.hentasis1.top/hentasis2025/007/Tsugou-no-Yoi-Sexfriend-01_rus_(www.Hentasis.top).mp4
HTTP/1.1 200 OK
Server: nginx
Date: Thu, 17 Sep 2026 00:57:10 GMT
Content-Type: video/mp4
Content-Length: 117220676
Last-Modified: Mon, 15 Sep 2025 06:24:00 GMT
Connection: keep-alive
ETag: "68c7b100-6fca544"
Accept-Ranges: bytes


== https://cdn.allhentai.fun/video/bigtits/80/1.mp4?name=s1
HTTP/2 200 
server: nginx
date: Thu, 17 Sep 2026 00:56:31 GMT
content-type: video/mp4
content-length: 129452738
last-modified: Tue, 11 Jun 2024 18:52:24 GMT
etag: "66689ce8-7b74ac2"
expires: Thu, 31 Dec 2037 23:55:55 GMT
cache-control: max-age=315360000
content-disposition: attachment; filename="s1".mp4
content-type: application/octet-stream
accept-ranges: bytes

== https://cdn2.allhentai.fun/video/bigtits/80/1.mp4?name=s1sub
HTTP/2 200 
server: nginx
date: Thu, 17 Sep 2026 00:56:32 GMT
content-type: video/mp4
content-length: 129452738
last-modified: Tue, 11 Jun 2024 18:52:24 GMT
etag: "66689ce8-7b74ac2"
expires: Thu, 31 Dec 2037 23:55:55 GMT
cache-control: max-age=315360000
content-disposition: attachment; filename="s1sub".mp4
content-type: application/octet-stream
accept-ranges: bytes

== https://xcdn1.nosofiles.com/1/b/a/8/7/output_687fa35c-c9e6-4b57-ad59-935e77978ab1_high.mp4
HTTP/2 403 
date: Thu, 17 Sep 2026 00:56:32 GMT
content-type: text/html; charset=UTF-8
cache-control: private, max-age=0, no-store, no-cache, must-revalidate, post-check=0, pre-check=0
expires: Thu, 01 Jan 1970 00:00:01 GMT
referrer-policy: same-origin
x-frame-options: SAMEORIGIN
report-to: {"group":"cf-nel","max_age":604800,"endpoints":[{"url":"https://a.nel.cloudflare.com/report/v4?s=PggvHNHr2r11tq6Fcr98g2YmZiEPMoCHq4BXbYoKX4iFC66INrZ%2FEGz4K8%2BXrzUi3rCojkc3lrDYoxAcCWLhjRLNs7r0xVGvCOwSSNMQoDrRMg1DDxG6P6gImAvxyJN25TODcnU%3D"}]}
nel: {"report_to":"cf-nel","success_fraction":0.0,"max_age":604800}
server: cloudflare
cf-ray: a3c426d1a9d87236-ORD


total 7500
drwxr-xr-x 2 runner runner   4096 Sep 17 00:56 .
drwxr-xr-x 3 runner runner   4096 Sep 17 00:56 ..
-rw-r--r-- 1 runner runner   1777 Sep 17 00:56 HtvTest.java
-rw-r--r-- 1 runner runner  38555 Sep 17 00:56 aid-17205.json
-rw-r--r-- 1 runner runner  38104 Sep 17 00:56 aid-18891.json
-rw-r--r-- 1 runner runner  38559 Sep 17 00:56 aid-26518.json
-rw-r--r-- 1 runner runner  49692 Sep 17 00:56 aid-8143.json
-rw-r--r-- 1 runner runner  31013 Sep 17 00:56 aid-app.js
-rw-r--r-- 1 runner runner  49692 Sep 17 00:56 aid-b1.json
-rw-r--r-- 1 runner runner 167299 Sep 17 00:56 aid-browse.html
-rw-r--r-- 1 runner runner   3881 Sep 17 00:56 aid-emb.html
-rw-r--r-- 1 runner runner  60232 Sep 17 00:56 aid-ep.html
-rw-r--r-- 1 runner runner  51221 Sep 17 00:56 aid-p2.json
-rw-r--r-- 1 runner runner  49692 Sep 17 00:56 aid-sea.json
-rw-r--r-- 1 runner runner  69674 Sep 17 00:56 allhentaii-home.html
-rw-r--r-- 1 runner runner    357 Sep 17 00:56 allhentaii-pl.txt
-rw-r--r-- 1 runner runner  49159 Sep 17 00:56 allhentaii.html
-rw-r--r-- 1 runner runner  45182 Sep 17 00:56 c-ah.html
-rw-r--r-- 1 runner runner 116713 Sep 17 00:56 c-hk.html
-rw-r--r-- 1 runner runner  84857 Sep 17 00:56 c-hs.html
-rw-r--r-- 1 runner runner 109452 Sep 17 00:56 c-pc.html
-rw-r--r-- 1 runner runner   1878 Sep 17 00:56 c10-ak-f.html
-rw-r--r-- 1 runner runner   1878 Sep 17 00:56 c10-ak-f2.html
-rw-r--r-- 1 runner runner   2564 Sep 17 00:56 c10-ak-js.js
-rw-r--r-- 1 runner runner   1096 Sep 17 00:56 c11-ak-v.html
-rw-r--r-- 1 runner runner   1096 Sep 17 00:56 c11-ak-v2.html
-rw-r--r-- 1 runner runner  31982 Sep 17 00:56 c11-ak-vp.html
-rw-r--r-- 1 runner runner    859 Sep 17 00:56 c12-ak-code.js
-rw-r--r-- 1 runner runner   4917 Sep 17 00:56 c14-ak-e.html
-rw-r--r-- 1 runner runner     66 Sep 17 00:56 c16-ak-p.html
-rw-r--r-- 1 runner runner 113203 Sep 17 00:56 c17-ak-js.js
-rw-r--r-- 1 runner runner   1335 Sep 17 00:56 c17-ak-p.html
-rw-r--r-- 1 runner runner  12298 Sep 17 00:56 c18-ak-decoded.js
-rw-r--r-- 1 runner runner    608 Sep 17 00:56 c18-ak-js.js
-rw-r--r-- 1 runner runner  14590 Sep 17 00:56 c18-ak-s.html
-rw-r--r-- 1 runner runner 290825 Sep 17 00:56 c19-ht-ep.html
-rw-r--r-- 1 runner runner  40988 Sep 17 00:56 c19-ht-ser-flight.txt
-rw-r--r-- 1 runner runner  76035 Sep 17 00:56 c19-ht-ser.html
-rw-r--r-- 1 runner runner   1250 Sep 17 00:56 c20-nh-js.js
-rw-r--r-- 1 runner runner   3655 Sep 17 00:56 c20-nh.html
-rw-r--r-- 1 runner runner  75992 Sep 17 00:56 c21-ser.html
-rw-r--r-- 1 runner runner 290825 Sep 17 00:56 c22-home.html
-rw-r--r-- 1 runner runner   3659 Sep 17 00:56 c22-nh-2rqFyTJUcIxdn2v.html
-rw-r--r-- 1 runner runner   3709 Sep 17 00:56 c22-nh-BMPaPILU7iolj8f.html
-rw-r--r-- 1 runner runner   3564 Sep 17 00:56 c22-nh-EHKFjVOxNKJN6ve.html
-rw-r--r-- 1 runner runner   3655 Sep 17 00:56 c22-nh-MqaHEYBRGiOrNqg.html
-rw-r--r-- 1 runner runner   3881 Sep 17 00:56 c22-nh-TrJtixK9fkwWjQn.html
-rw-r--r-- 1 runner runner   3655 Sep 17 00:56 c22-nh-U3g9ASak4eSW9jG.html
-rw-r--r-- 1 runner runner   3655 Sep 17 00:56 c22-nh-gNdMuTKLKMlunRe.html
-rw-r--r-- 1 runner runner   3564 Sep 17 00:56 c22-nh-ikbN4WNjcSUEBkp.html
-rw-r--r-- 1 runner runner   3659 Sep 17 00:56 c22-nh-kHYDaBtxl39kpb3.html
-rw-r--r-- 1 runner runner   3655 Sep 17 00:56 c22-nh-lFf1zzLgcw3Vcjp.html
-rw-r--r-- 1 runner runner   3655 Sep 17 00:56 c22-nh-noref.html
-rw-r--r-- 1 runner runner   3564 Sep 17 00:56 c22-nh-nzhRQZcQOdajGon.html
-rw-r--r-- 1 runner runner   3881 Sep 17 00:56 c22-nh-tkf416ctxI6aoc1.html
-rw-r--r-- 1 runner runner   3635 Sep 17 00:56 c22-nh-uwkxACe5qJzJtVP.html
-rw-r--r-- 1 runner runner   3564 Sep 17 00:56 c22-nh-z4rceMmpawLraG3.html
-rw-r--r-- 1 runner runner  75992 Sep 17 00:56 c22-ser.html
-rw-r--r-- 1 runner runner   5600 Sep 17 00:56 c6-chunk.js
-rw-r--r-- 1 runner runner  58566 Sep 17 00:56 c6-ep.html
-rw-r--r-- 1 runner runner   3181 Sep 17 00:56 c6-fr.html
-rw-r--r-- 1 runner runner 324578 Sep 17 00:56 c6-list.html
-rw-r--r-- 1 runner runner  48693 Sep 17 00:56 c6-search.html
-rw-r--r-- 1 runner runner  49773 Sep 17 00:56 c6-ser.html
-rw-r--r-- 1 runner runner  71325 Sep 17 00:56 c7-ak-l.html
-rw-r--r-- 1 runner runner  73327 Sep 17 00:56 c7-ak-s.html
-rw-r--r-- 1 runner runner  31819 Sep 17 00:56 c7-ak-v.html
-rw-r--r-- 1 runner runner  64379 Sep 17 00:56 c7-he2.html
-rw-r--r-- 1 runner runner   5468 Sep 17 00:56 c7-hf.html
-rw-r--r-- 1 runner runner  44444 Sep 17 00:56 c7-hf2.html
-rw-r--r-- 1 runner runner 163605 Sep 17 00:56 c7-ht-flight.txt
-rw-r--r-- 1 runner runner 290812 Sep 17 00:56 c7-ht.html
-rw-r--r-- 1 runner runner   1249 Sep 17 00:56 c8-ak-g.json
-rw-r--r-- 1 runner runner 150888 Sep 17 00:56 c8-ak-js.js
-rw-r--r-- 1 runner runner  32077 Sep 17 00:56 c8-ak-v.html
-rw-r--r-- 1 runner runner  66694 Sep 17 00:56 c8-he2.html
-rw-r--r-- 1 runner runner   1895 Sep 17 00:56 c9-ak-js.js
-rw-r--r-- 1 runner runner  48233 Sep 17 00:56 candidates.txt
-rw-r--r-- 1 runner runner    594 Sep 17 00:56 decode1.js
-rw-r--r-- 1 runner runner    661 Sep 17 00:56 decode2.js
-rw-r--r-- 1 runner runner   3881 Sep 17 00:56 e-an-emb.html
-rw-r--r-- 1 runner runner  49692 Sep 17 00:56 e-an.json
-rw-r--r-- 1 runner runner  58566 Sep 17 00:56 e-he-ep.html
-rw-r--r-- 1 runner runner   3181 Sep 17 00:56 e-he-fr.html
-rw-r--r-- 1 runner runner  48693 Sep 17 00:56 e-he-s.html
-rw-r--r-- 1 runner runner  49773 Sep 17 00:56 e-he-ser.html
-rw-r--r-- 1 runner runner 409444 Sep 17 00:56 e-he.xml
-rw-r--r-- 1 runner runner   3655 Sep 17 00:56 e-htv-emb.html
-rw-r--r-- 1 runner runner 290825 Sep 17 00:56 e-htv.html
-rw-r--r-- 1 runner runner   3241 Sep 17 00:56 e2e-appflow.txt
-rw-r--r-- 1 runner runner  65065 Sep 17 00:56 era-home.html
-rw-r--r-- 1 runner runner   2967 Sep 17 00:56 fetch.log
-rw-r--r-- 1 runner runner   5591 Sep 17 00:56 hanime-home.html
-rw-r--r-- 1 runner runner   1987 Sep 17 00:56 head-probe.txt
-rw-r--r-- 1 runner runner  18008 Sep 17 00:56 hencdn.html
-rw-r--r-- 1 runner runner 116713 Sep 17 00:56 hentakli-home.html
-rw-r--r-- 1 runner runner  19992 Sep 17 00:56 hentakli-player.html
-rw-r--r-- 1 runner runner 101201 Sep 17 00:56 hentakli.html
-rw-r--r-- 1 runner runner  85284 Sep 17 00:56 hentasis-home.html
-rw-r--r-- 1 runner runner  84153 Sep 17 00:56 hentasis.html
-rw-r--r-- 1 runner runner  25179 Sep 17 00:56 hs-dbl.html
-rw-r--r-- 1 runner runner   3686 Sep 17 00:56 hs-desk.html
-rw-r--r-- 1 runner runner  32783 Sep 17 00:56 hs-ep.html
-rw-r--r-- 1 runner runner  31926 Sep 17 00:56 hs-ep2.html
-rw-r--r-- 1 runner runner  32825 Sep 17 00:56 hs-ep3.html
-rw-r--r-- 1 runner runner 409444 Sep 17 00:56 hs-feed.xml
-rw-r--r-- 1 runner runner  25179 Sep 17 00:56 hs-fr2.html
-rw-r--r-- 1 runner runner  25227 Sep 17 00:56 hs-fr3.html
-rw-r--r-- 1 runner runner   3125 Sep 17 00:56 hs-s28_mob_Ane_Koi_Episode_01.html
-rw-r--r-- 1 runner runner   3542 Sep 17 00:56 hs-s32_mob_Ane_Koi_Episode_01.html
-rw-r--r-- 1 runner runner   3586 Sep 17 00:56 m3u8-probe.txt
-rw-r--r-- 1 runner runner    578 Sep 17 00:56 m3u8s.txt
-rw-r--r-- 1 runner runner   2079 Sep 17 00:56 new-sources.txt
-rw-r--r-- 1 runner runner   1250 Sep 17 00:56 nh-app.js
-rw-r--r-- 1 runner runner   3881 Sep 17 00:56 nh-embed.html
-rw-r--r-- 1 runner runner   5485 Sep 17 00:56 nprobe-an.bin
-rw-r--r-- 1 runner runner   5484 Sep 17 00:56 nprobe-g2rqFyTJUcIxdn2v.bin
-rw-r--r-- 1 runner runner   5484 Sep 17 00:56 nprobe-gBMPaPILU7iolj8f.bin
-rw-r--r-- 1 runner runner   5484 Sep 17 00:56 nprobe-gEHKFjVOxNKJN6ve.bin
-rw-r--r-- 1 runner runner   5484 Sep 17 00:56 nprobe-gMqaHEYBRGiOrNqg.bin
-rw-r--r-- 1 runner runner   5484 Sep 17 00:56 nprobe-gTrJtixK9fkwWjQn.bin
-rw-r--r-- 1 runner runner   5484 Sep 17 00:56 nprobe-gU3g9ASak4eSW9jG.bin
-rw-r--r-- 1 runner runner   5484 Sep 17 00:56 nprobe-ggNdMuTKLKMlunRe.bin
-rw-r--r-- 1 runner runner   5484 Sep 17 00:56 nprobe-gikbN4WNjcSUEBkp.bin
-rw-r--r-- 1 runner runner   5484 Sep 17 00:56 nprobe-gkHYDaBtxl39kpb3.bin
-rw-r--r-- 1 runner runner   5484 Sep 17 00:56 nprobe-glFf1zzLgcw3Vcjp.bin
-rw-r--r-- 1 runner runner   5484 Sep 17 00:56 nprobe-gnzhRQZcQOdajGon.bin
-rw-r--r-- 1 runner runner   5484 Sep 17 00:56 nprobe-gtkf416ctxI6aoc1.bin
-rw-r--r-- 1 runner runner   5484 Sep 17 00:56 nprobe-guwkxACe5qJzJtVP.bin
-rw-r--r-- 1 runner runner   5484 Sep 17 00:56 nprobe-gz4rceMmpawLraG3.bin
-rw-r--r-- 1 runner runner   5484 Sep 17 00:56 nprobe-h1.bin
-rw-r--r-- 1 runner runner   5484 Sep 17 00:56 nprobe-h2.bin
-rw-r--r-- 1 runner runner   8192 Sep 17 00:56 nprobe-hd2.bin
-rw-r--r-- 1 runner runner   8192 Sep 17 00:56 nprobe-he2.bin
-rw-r--r-- 1 runner runner   8192 Sep 17 00:56 nprobe-hf-s32.bin
-rw-r--r-- 1 runner runner   8192 Sep 17 00:56 nprobe-hf2.bin
-rw-r--r-- 1 runner runner   8192 Sep 17 00:56 nprobe-sr.bin
-rw-r--r-- 1 runner runner  17926 Sep 17 00:56 p-hc.html
-rw-r--r-- 1 runner runner     87 Sep 17 00:56 pl-ah.txt
-rw-r--r-- 1 runner runner 109452 Sep 17 00:56 porncado-cat.html
-rw-r--r-- 1 runner runner  96775 Sep 17 00:56 porncado.html
-rw-r--r-- 1 runner runner   8192 Sep 17 00:56 probe-ah.bin
-rw-r--r-- 1 runner runner   5484 Sep 17 00:56 probe-an.bin
-rw-r--r-- 1 runner runner  27706 Sep 17 00:56 probe-hc.bin
-rw-r--r-- 1 runner runner   8192 Sep 17 00:56 probe-he.bin
-rw-r--r-- 1 runner runner   8192 Sep 17 00:56 probe-hs.bin
-rw-r--r-- 1 runner runner   6211 Sep 17 00:56 probe-pc.bin
-rw-r--r-- 1 runner runner   6254 Sep 17 00:56 probe-pc2.bin
-rw-r--r-- 1 runner runner    392 Sep 17 00:56 save-debug.txt
-rw-r--r-- 1 runner runner    143 Sep 17 00:56 shikimori-erotic.json
-rw-r--r-- 1 runner runner   2327 Sep 17 00:56 shikimori-rplus.json
-rw-r--r-- 1 runner runner   2551 Sep 17 00:56 shikimori-rx.json
-rw-r--r-- 1 runner runner   5469 Sep 17 00:56 site-haven.html
-rw-r--r-- 1 runner runner  87766 Sep 17 00:56 site-hs.html
-rw-r--r-- 1 runner runner    114 Sep 17 00:56 site-kish.html
-rw-r--r-- 1 runner runner   5588 Sep 17 00:56 site-mucho.html
-rw-r--r-- 1 runner runner 169541 Sep 17 00:56 site-zhen.html
-rw-r--r-- 1 runner runner  15745 Sep 17 00:56 summary.txt
-rw-r--r-- 1 runner runner  49368 Sep 17 00:56 t-ah.html
-rw-r--r-- 1 runner runner 101829 Sep 17 00:56 t-hk.html
-rw-r--r-- 1 runner runner 109276 Sep 17 00:56 t-hs.html
-rw-r--r-- 1 runner runner  95346 Sep 17 00:56 t-pc.html
-rw-r--r-- 1 runner runner 256512 Sep 17 00:56 tv-ep.html
-rw-r--r-- 1 runner runner 290799 Sep 17 00:56 tv-home.html
-rw-r--r-- 1 runner runner  19998 Sep 17 00:56 v-hk.html
shikimori.io erotic -> HTTP 422 bytes 143
total 7512
drwxr-xr-x 2 runner runner   4096 Sep 17 00:56 .
drwxr-xr-x 3 runner runner   4096 Sep 17 00:56 ..
-rw-r--r-- 1 runner runner   1777 Sep 17 00:56 HtvTest.java
-rw-r--r-- 1 runner runner  38555 Sep 17 00:56 aid-17205.json
-rw-r--r-- 1 runner runner  38104 Sep 17 00:56 aid-18891.json
-rw-r--r-- 1 runner runner  38559 Sep 17 00:56 aid-26518.json
-rw-r--r-- 1 runner runner  49692 Sep 17 00:56 aid-8143.json
-rw-r--r-- 1 runner runner  31013 Sep 17 00:56 aid-app.js
-rw-r--r-- 1 runner runner  49692 Sep 17 00:56 aid-b1.json
-rw-r--r-- 1 runner runner 167299 Sep 17 00:56 aid-browse.html
-rw-r--r-- 1 runner runner   3881 Sep 17 00:56 aid-emb.html
-rw-r--r-- 1 runner runner  60232 Sep 17 00:56 aid-ep.html
-rw-r--r-- 1 runner runner  51221 Sep 17 00:56 aid-p2.json
-rw-r--r-- 1 runner runner  49692 Sep 17 00:56 aid-sea.json
-rw-r--r-- 1 runner runner  69674 Sep 17 00:56 allhentaii-home.html
-rw-r--r-- 1 runner runner    357 Sep 17 00:56 allhentaii-pl.txt
-rw-r--r-- 1 runner runner  49159 Sep 17 00:56 allhentaii.html
-rw-r--r-- 1 runner runner  45182 Sep 17 00:56 c-ah.html
-rw-r--r-- 1 runner runner 116713 Sep 17 00:56 c-hk.html
-rw-r--r-- 1 runner runner  84857 Sep 17 00:56 c-hs.html
-rw-r--r-- 1 runner runner 109452 Sep 17 00:56 c-pc.html
-rw-r--r-- 1 runner runner   1878 Sep 17 00:56 c10-ak-f.html
-rw-r--r-- 1 runner runner   1878 Sep 17 00:56 c10-ak-f2.html
-rw-r--r-- 1 runner runner   2564 Sep 17 00:56 c10-ak-js.js
-rw-r--r-- 1 runner runner   1096 Sep 17 00:56 c11-ak-v.html
-rw-r--r-- 1 runner runner   1096 Sep 17 00:56 c11-ak-v2.html
-rw-r--r-- 1 runner runner  31982 Sep 17 00:56 c11-ak-vp.html
-rw-r--r-- 1 runner runner    859 Sep 17 00:56 c12-ak-code.js
-rw-r--r-- 1 runner runner   4917 Sep 17 00:56 c14-ak-e.html
-rw-r--r-- 1 runner runner     66 Sep 17 00:56 c16-ak-p.html
-rw-r--r-- 1 runner runner 113203 Sep 17 00:56 c17-ak-js.js
-rw-r--r-- 1 runner runner   1335 Sep 17 00:56 c17-ak-p.html
-rw-r--r-- 1 runner runner  12298 Sep 17 00:56 c18-ak-decoded.js
-rw-r--r-- 1 runner runner    608 Sep 17 00:56 c18-ak-js.js
-rw-r--r-- 1 runner runner  14590 Sep 17 00:56 c18-ak-s.html
-rw-r--r-- 1 runner runner 290825 Sep 17 00:56 c19-ht-ep.html
-rw-r--r-- 1 runner runner  40988 Sep 17 00:56 c19-ht-ser-flight.txt
-rw-r--r-- 1 runner runner  76035 Sep 17 00:56 c19-ht-ser.html
-rw-r--r-- 1 runner runner   1250 Sep 17 00:56 c20-nh-js.js
-rw-r--r-- 1 runner runner   3655 Sep 17 00:56 c20-nh.html
-rw-r--r-- 1 runner runner  75992 Sep 17 00:56 c21-ser.html
-rw-r--r-- 1 runner runner 290825 Sep 17 00:56 c22-home.html
-rw-r--r-- 1 runner runner   3659 Sep 17 00:56 c22-nh-2rqFyTJUcIxdn2v.html
-rw-r--r-- 1 runner runner   3709 Sep 17 00:56 c22-nh-BMPaPILU7iolj8f.html
-rw-r--r-- 1 runner runner   3564 Sep 17 00:56 c22-nh-EHKFjVOxNKJN6ve.html
-rw-r--r-- 1 runner runner   3655 Sep 17 00:56 c22-nh-MqaHEYBRGiOrNqg.html
-rw-r--r-- 1 runner runner   3881 Sep 17 00:56 c22-nh-TrJtixK9fkwWjQn.html
-rw-r--r-- 1 runner runner   3655 Sep 17 00:56 c22-nh-U3g9ASak4eSW9jG.html
-rw-r--r-- 1 runner runner   3655 Sep 17 00:56 c22-nh-gNdMuTKLKMlunRe.html
-rw-r--r-- 1 runner runner   3564 Sep 17 00:56 c22-nh-ikbN4WNjcSUEBkp.html
-rw-r--r-- 1 runner runner   3659 Sep 17 00:56 c22-nh-kHYDaBtxl39kpb3.html
-rw-r--r-- 1 runner runner   3655 Sep 17 00:56 c22-nh-lFf1zzLgcw3Vcjp.html
-rw-r--r-- 1 runner runner   3655 Sep 17 00:56 c22-nh-noref.html
-rw-r--r-- 1 runner runner   3564 Sep 17 00:56 c22-nh-nzhRQZcQOdajGon.html
-rw-r--r-- 1 runner runner   3881 Sep 17 00:56 c22-nh-tkf416ctxI6aoc1.html
-rw-r--r-- 1 runner runner   3635 Sep 17 00:56 c22-nh-uwkxACe5qJzJtVP.html
-rw-r--r-- 1 runner runner   3564 Sep 17 00:56 c22-nh-z4rceMmpawLraG3.html
-rw-r--r-- 1 runner runner  75992 Sep 17 00:56 c22-ser.html
-rw-r--r-- 1 runner runner   5600 Sep 17 00:56 c6-chunk.js
-rw-r--r-- 1 runner runner  58566 Sep 17 00:56 c6-ep.html
-rw-r--r-- 1 runner runner   3181 Sep 17 00:56 c6-fr.html
-rw-r--r-- 1 runner runner 324578 Sep 17 00:56 c6-list.html
-rw-r--r-- 1 runner runner  48693 Sep 17 00:56 c6-search.html
-rw-r--r-- 1 runner runner  49773 Sep 17 00:56 c6-ser.html
-rw-r--r-- 1 runner runner  71325 Sep 17 00:56 c7-ak-l.html
-rw-r--r-- 1 runner runner  73327 Sep 17 00:56 c7-ak-s.html
-rw-r--r-- 1 runner runner  31819 Sep 17 00:56 c7-ak-v.html
-rw-r--r-- 1 runner runner  64379 Sep 17 00:56 c7-he2.html
-rw-r--r-- 1 runner runner   5468 Sep 17 00:56 c7-hf.html
-rw-r--r-- 1 runner runner  44444 Sep 17 00:56 c7-hf2.html
-rw-r--r-- 1 runner runner 163605 Sep 17 00:56 c7-ht-flight.txt
-rw-r--r-- 1 runner runner 290812 Sep 17 00:56 c7-ht.html
-rw-r--r-- 1 runner runner   1249 Sep 17 00:56 c8-ak-g.json
-rw-r--r-- 1 runner runner 150888 Sep 17 00:56 c8-ak-js.js
-rw-r--r-- 1 runner runner  32077 Sep 17 00:56 c8-ak-v.html
-rw-r--r-- 1 runner runner  66694 Sep 17 00:56 c8-he2.html
-rw-r--r-- 1 runner runner   1895 Sep 17 00:56 c9-ak-js.js
-rw-r--r-- 1 runner runner  48233 Sep 17 00:56 candidates.txt
-rw-r--r-- 1 runner runner    594 Sep 17 00:56 decode1.js
-rw-r--r-- 1 runner runner    661 Sep 17 00:56 decode2.js
-rw-r--r-- 1 runner runner   3881 Sep 17 00:56 e-an-emb.html
-rw-r--r-- 1 runner runner  49692 Sep 17 00:56 e-an.json
-rw-r--r-- 1 runner runner  58566 Sep 17 00:56 e-he-ep.html
-rw-r--r-- 1 runner runner   3181 Sep 17 00:56 e-he-fr.html
-rw-r--r-- 1 runner runner  48693 Sep 17 00:56 e-he-s.html
-rw-r--r-- 1 runner runner  49773 Sep 17 00:56 e-he-ser.html
-rw-r--r-- 1 runner runner 409444 Sep 17 00:56 e-he.xml
-rw-r--r-- 1 runner runner   3655 Sep 17 00:56 e-htv-emb.html
-rw-r--r-- 1 runner runner 290825 Sep 17 00:56 e-htv.html
-rw-r--r-- 1 runner runner   3241 Sep 17 00:56 e2e-appflow.txt
-rw-r--r-- 1 runner runner  65065 Sep 17 00:56 era-home.html
-rw-r--r-- 1 runner runner  13445 Sep 17 00:56 fetch.log
-rw-r--r-- 1 runner runner   5591 Sep 17 00:56 hanime-home.html
-rw-r--r-- 1 runner runner   1987 Sep 17 00:56 head-probe.txt
-rw-r--r-- 1 runner runner  18008 Sep 17 00:56 hencdn.html
-rw-r--r-- 1 runner runner 116713 Sep 17 00:56 hentakli-home.html
-rw-r--r-- 1 runner runner  19992 Sep 17 00:56 hentakli-player.html
-rw-r--r-- 1 runner runner 101201 Sep 17 00:56 hentakli.html
-rw-r--r-- 1 runner runner  85284 Sep 17 00:56 hentasis-home.html
-rw-r--r-- 1 runner runner  84153 Sep 17 00:56 hentasis.html
-rw-r--r-- 1 runner runner  25179 Sep 17 00:56 hs-dbl.html
-rw-r--r-- 1 runner runner   3686 Sep 17 00:56 hs-desk.html
-rw-r--r-- 1 runner runner  32783 Sep 17 00:56 hs-ep.html
-rw-r--r-- 1 runner runner  31926 Sep 17 00:56 hs-ep2.html
-rw-r--r-- 1 runner runner  32825 Sep 17 00:56 hs-ep3.html
-rw-r--r-- 1 runner runner 409444 Sep 17 00:56 hs-feed.xml
-rw-r--r-- 1 runner runner  25179 Sep 17 00:56 hs-fr2.html
-rw-r--r-- 1 runner runner  25227 Sep 17 00:56 hs-fr3.html
-rw-r--r-- 1 runner runner   3125 Sep 17 00:56 hs-s28_mob_Ane_Koi_Episode_01.html
-rw-r--r-- 1 runner runner   3542 Sep 17 00:56 hs-s32_mob_Ane_Koi_Episode_01.html
-rw-r--r-- 1 runner runner   3586 Sep 17 00:56 m3u8-probe.txt
-rw-r--r-- 1 runner runner    578 Sep 17 00:56 m3u8s.txt
-rw-r--r-- 1 runner runner   2079 Sep 17 00:56 new-sources.txt
-rw-r--r-- 1 runner runner   1250 Sep 17 00:56 nh-app.js
-rw-r--r-- 1 runner runner   3881 Sep 17 00:56 nh-embed.html
-rw-r--r-- 1 runner runner   5485 Sep 17 00:56 nprobe-an.bin
-rw-r--r-- 1 runner runner   5484 Sep 17 00:56 nprobe-g2rqFyTJUcIxdn2v.bin
-rw-r--r-- 1 runner runner   5484 Sep 17 00:56 nprobe-gBMPaPILU7iolj8f.bin
-rw-r--r-- 1 runner runner   5484 Sep 17 00:56 nprobe-gEHKFjVOxNKJN6ve.bin
-rw-r--r-- 1 runner runner   5484 Sep 17 00:56 nprobe-gMqaHEYBRGiOrNqg.bin
-rw-r--r-- 1 runner runner   5484 Sep 17 00:56 nprobe-gTrJtixK9fkwWjQn.bin
-rw-r--r-- 1 runner runner   5484 Sep 17 00:56 nprobe-gU3g9ASak4eSW9jG.bin
-rw-r--r-- 1 runner runner   5484 Sep 17 00:56 nprobe-ggNdMuTKLKMlunRe.bin
-rw-r--r-- 1 runner runner   5484 Sep 17 00:56 nprobe-gikbN4WNjcSUEBkp.bin
-rw-r--r-- 1 runner runner   5484 Sep 17 00:56 nprobe-gkHYDaBtxl39kpb3.bin
-rw-r--r-- 1 runner runner   5484 Sep 17 00:56 nprobe-glFf1zzLgcw3Vcjp.bin
-rw-r--r-- 1 runner runner   5484 Sep 17 00:56 nprobe-gnzhRQZcQOdajGon.bin
-rw-r--r-- 1 runner runner   5484 Sep 17 00:56 nprobe-gtkf416ctxI6aoc1.bin
-rw-r--r-- 1 runner runner   5484 Sep 17 00:56 nprobe-guwkxACe5qJzJtVP.bin
-rw-r--r-- 1 runner runner   5484 Sep 17 00:56 nprobe-gz4rceMmpawLraG3.bin
-rw-r--r-- 1 runner runner   5484 Sep 17 00:56 nprobe-h1.bin
-rw-r--r-- 1 runner runner   5484 Sep 17 00:56 nprobe-h2.bin
-rw-r--r-- 1 runner runner   8192 Sep 17 00:56 nprobe-hd2.bin
-rw-r--r-- 1 runner runner   8192 Sep 17 00:56 nprobe-he2.bin
-rw-r--r-- 1 runner runner   8192 Sep 17 00:56 nprobe-hf-s32.bin
-rw-r--r-- 1 runner runner   8192 Sep 17 00:56 nprobe-hf2.bin
-rw-r--r-- 1 runner runner   8192 Sep 17 00:56 nprobe-sr.bin
-rw-r--r-- 1 runner runner  17926 Sep 17 00:56 p-hc.html
-rw-r--r-- 1 runner runner     87 Sep 17 00:56 pl-ah.txt
-rw-r--r-- 1 runner runner 109452 Sep 17 00:56 porncado-cat.html
-rw-r--r-- 1 runner runner  96775 Sep 17 00:56 porncado.html
-rw-r--r-- 1 runner runner   8192 Sep 17 00:56 probe-ah.bin
-rw-r--r-- 1 runner runner   5484 Sep 17 00:56 probe-an.bin
-rw-r--r-- 1 runner runner  27706 Sep 17 00:56 probe-hc.bin
-rw-r--r-- 1 runner runner   8192 Sep 17 00:56 probe-he.bin
-rw-r--r-- 1 runner runner   8192 Sep 17 00:56 probe-hs.bin
-rw-r--r-- 1 runner runner   6211 Sep 17 00:56 probe-pc.bin
-rw-r--r-- 1 runner runner   6254 Sep 17 00:56 probe-pc2.bin
-rw-r--r-- 1 runner runner    392 Sep 17 00:56 save-debug.txt
-rw-r--r-- 1 runner runner    143 Sep 17 00:56 shikimori-erotic.json
-rw-r--r-- 1 runner runner   2327 Sep 17 00:56 shikimori-rplus.json
-rw-r--r-- 1 runner runner   2551 Sep 17 00:56 shikimori-rx.json
-rw-r--r-- 1 runner runner   5469 Sep 17 00:56 site-haven.html
-rw-r--r-- 1 runner runner  87766 Sep 17 00:56 site-hs.html
-rw-r--r-- 1 runner runner    114 Sep 17 00:56 site-kish.html
-rw-r--r-- 1 runner runner   5588 Sep 17 00:56 site-mucho.html
-rw-r--r-- 1 runner runner 169541 Sep 17 00:56 site-zhen.html
-rw-r--r-- 1 runner runner  15745 Sep 17 00:56 summary.txt
-rw-r--r-- 1 runner runner  49368 Sep 17 00:56 t-ah.html
-rw-r--r-- 1 runner runner 101829 Sep 17 00:56 t-hk.html
-rw-r--r-- 1 runner runner 109276 Sep 17 00:56 t-hs.html
-rw-r--r-- 1 runner runner  95346 Sep 17 00:56 t-pc.html
-rw-r--r-- 1 runner runner 256512 Sep 17 00:56 tv-ep.html
-rw-r--r-- 1 runner runner 290799 Sep 17 00:56 tv-home.html
-rw-r--r-- 1 runner runner  19998 Sep 17 00:56 v-hk.html
