On branch arena/01a0aeb0-kslsoxmnamlq
Your branch is up to date with 'origin/arena/01a0aeb0-kslsoxmnamlq'.

Changes not staged for commit:
  (use "git add <file>..." to update what will be committed)
  (use "git restore <file>..." to discard changes in working directory)
	modified:   handoff/ci-save-failure.log

Untracked files:
  (use "git add <file>..." to include in what will be committed)
	build-release.log
	yoru-android/.gradle/
	yoru-android/app/build/
	yoru-android/build/
	yoru-android/owner-signing/signing.properties
	yoru-android/owner-signing/yoru-release.p12

no changes added to commit (use "git add" and/or "git commit -a")
fd3f4ee Log build failure [skip ci]
9da4420 Fix episode list loading, prevent thread starvation, and ensure instant cache display
total 12512
drwxr-xr-x 2 runner runner    4096 Sep 17 11:20 .
drwxr-xr-x 8 runner runner    4096 Sep 17 11:21 ..
-rw-r--r-- 1 runner runner 7662576 Sep 17 11:20 Tsuyu-1.13-debug.apk
-rw-r--r-- 1 runner runner      98 Sep 17 11:20 Tsuyu-1.13-debug.apk.sha256
-rw-r--r-- 1 runner runner 2561578 Sep 17 11:20 Tsuyu-1.13-release.apk
-rw-r--r-- 1 runner runner     100 Sep 17 11:20 Tsuyu-1.13-release.apk.sha256
-rw-r--r-- 1 runner runner 2561590 Sep 17 11:20 TsuyuHentai-1.3-release.apk
-rw-r--r-- 1 runner runner     105 Sep 17 11:20 TsuyuHentai-1.3-release.apk.sha256
